I'm sorry, but errors were detected in your script. Please correct the
errors listed below, and try again.


The label october_29thContinued is defined twice, at File "game/script.rpy", line 251:
    label october_29thContinued: 
and File "game/script.rpy", line 266:
label october_29thContinued: 


Ren'Py Version: Ren'Py 8.1.1.23060707
Mon Sep 25 17:06:08 2023
